# Enhanced Project Repair Log - Wed Jul 23 09:28:51 UTC 2025
[0;36m[2025-07-23 09:28:51] [STEP][0m Creating backup...
[0;32m[2025-07-23 09:28:51] [SUCCESS][0m Backup created at: /workspaces/ANE-Project-Explorer/.repair-backup-20250723-092851
[0;36m[2025-07-23 09:28:51] [STEP][0m Starting project repair and validation...
[0;36m[2025-07-23 09:28:51] [STEP][0m Verifying environment...
[1;33m[2025-07-23 09:28:51] [WARNING][0m Working directory has uncommitted changes
[0;32m[2025-07-23 09:28:51] [SUCCESS][0m Environment OK - Node.js v22.17.0, using yarn
[0;36m[2025-07-23 09:28:51] [STEP][0m Managing dependencies...

[0;36m[1m[14:56:41] ▶[0m Comprehensive environment verification

[0;36m[1m[14:56:41] ▶[0m Validating system requirements
[0;32m[14:56:41] [✓][0m System requirements validated

[0;36m[1m[14:56:41] ▶[0m Detecting package manager
1.22.22
[0;32m[14:56:42] [✓][0m Package manager: yarn
[1;33m[14:56:42] [⚠][0m Working directory has 16 uncommitted changes

[0;36m[1m[14:56:54] ▶[0m Comprehensive environment verification

[0;36m[1m[14:56:54] ▶[0m Validating system requirements
[0;32m[14:56:54] [✓][0m System requirements validated

[0;36m[1m[14:56:55] ▶[0m Detecting package manager
1.22.22
[0;32m[14:56:55] [✓][0m Package manager: yarn
[1;33m[14:56:55] [⚠][0m Working directory has 16 uncommitted changes

[0;36m[1m[14:57:10] ▶[0m Comprehensive environment verification

[0;36m[1m[14:57:10] ▶[0m Validating system requirements
[0;32m[14:57:10] [✓][0m System requirements validated

[0;36m[1m[14:57:10] ▶[0m Detecting package manager
1.22.22
[0;32m[14:57:10] [✓][0m Package manager: yarn
[1;33m[14:57:10] [⚠][0m Working directory has 16 uncommitted changes
